>>> add_integer(2, 2)
4
>>> add_integer(0, 0)
0
>>> add_integer(-2, 2)
0
>>> add_integer(2, -2)
0
>>> add_integer(2.0, 2)
4
>>> add_integer(2, 2.0)
4
>>> add_integer("2", 2)
Traceback (most recent call last):
    ...
TypeError: a must be an integer or b must be an integer
>>> add_integer(2, "2")
Traceback (most recent call last):
    ...
TypeError: a must be an integer or b must be an integer
>>> add_integer(2, 2, 2)
Traceback (most recent call last):
    ...
TypeError: add_integer() takes at most 2 arguments (3 given)
